Turbo Assembler	 Version 2.0	    12/26/18 09:35:48	    Page 1
loop.asm



      1	0000			     .model small
      2	0000			     .stack 64
      3	0000			     .data
      4
      5	0000  000A		     d	     dw	     10
      6
      7	0002			     .code
      8
      9	0000			     main    proc    far
     10	0000  B8 0000s			     mov     ax,@data
     11	0003  8E D8			     mov     ds,ax
     12
     13	0005  B8 0001			     mov     ax,01
     14	0008  B9 000A			     mov     cx,10
     15	000B			     atharva:
     16	000B  40			     inc     ax
     17
     18	000C  E2 FD			     loop    atharva
     19
     20	000E  B8 4C00			     mov     ax,4c00h
     21	0011  CD 21			     int     21h
     22	0013			     main    endp
     23					     end     main
Turbo Assembler	 Version 2.0	    12/26/18 09:35:48	    Page 2
Symbol Table




Symbol Name			  Type	 Value

??DATE				  Text	 "12/26/18"
??FILENAME			  Text	 "loop	  "
??TIME				  Text	 "09:35:48"
??VERSION			  Number 0200
@CODE				  Text	 _TEXT
@CODESIZE			  Text	 0
@CPU				  Text	 0101H
@CURSEG				  Text	 _TEXT
@DATA				  Text	 DGROUP
@DATASIZE			  Text	 0
@FILENAME			  Text	 LOOP
@MODEL				  Text	 2
@WORDSIZE			  Text	 2
ATHARVA				  Near	 _TEXT:000B
D				  Word	 DGROUP:0000
MAIN				  Far	 _TEXT:0000

Groups & Segments		  Bit Size Align  Combine Class

DGROUP				  Group
  STACK				  16  0040 Para	  Stack	  STACK
  _DATA				  16  0002 Word	  Public  DATA
_TEXT				  16  0013 Word	  Public  CODE
